[D:/Таймер Сереги фотоскифа скачанный на комп/Комуникатр таймер/backblue.gif]
[D:/Таймер Сереги фотоскифа скачанный на комп/Комуникатр таймер/fade.gif]
[D:/Таймер Сереги фотоскифа скачанный на комп/Комуникатр таймер/index.html]
[D:/Таймер Сереги фотоскифа скачанный на комп/Комуникатр таймер/photoskiff.com/zaruba/sim-corec086.js]
[D:/Таймер Сереги фотоскифа скачанный на комп/Комуникатр таймер/photoskiff.com/zaruba/methodsfc29.js]
[D:/Таймер Сереги фотоскифа скачанный на комп/Комуникатр таймер/photoskiff.com/zaruba/zone-summaryfc29.js]
[D:/Таймер Сереги фотоскифа скачанный на комп/Комуникатр таймер/photoskiff.com/zaruba/fit-importfc29.js]
[D:/Таймер Сереги фотоскифа скачанный на комп/Комуникатр таймер/photoskiff.com/zaruba/chartfc29.js]
[D:/Таймер Сереги фотоскифа скачанный на комп/Комуникатр таймер/photoskiff.com/zaruba/params04c5.js]
[D:/Таймер Сереги фотоскифа скачанный на комп/Комуникатр таймер/photoskiff.com/zaruba/modalsfc29.js]
[D:/Таймер Сереги фотоскифа скачанный на комп/Комуникатр таймер/photoskiff.com/zaruba/zaruba-presets4879.js]
[D:/Таймер Сереги фотоскифа скачанный на комп/Комуникатр таймер/photoskiff.com/zaruba/zone-comparator3827.js]
[D:/Таймер Сереги фотоскифа скачанный на комп/Комуникатр таймер/photoskiff.com/zaruba/ai-brieffc29.js]
[D:/Таймер Сереги фотоскифа скачанный на комп/Комуникатр таймер/photoskiff.com/zaruba/zone-comparator-2.0-schema.html]
[D:/Таймер Сереги фотоскифа скачанный на комп/Комуникатр таймер/photoskiff.com/zaruba/zone-comparator4879.css]
[D:/Таймер Сереги фотоскифа скачанный на комп/Комуникатр таймер/photoskiff.com/zaruba/zone-comparator.css]
[D:/Таймер Сереги фотоскифа скачанный на комп/Комуникатр таймер/photoskiff.com/zaruba/help-ru2139.html]
[D:/Таймер Сереги фотоскифа скачанный на комп/Комуникатр таймер/photoskiff.com/zaruba/zone-comparator.css]
[D:/Таймер Сереги фотоскифа скачанный на комп/Комуникатр таймер/photoskiff.com/zaruba/favicon.ico]
[D:/Таймер Сереги фотоскифа скачанный на комп/Комуникатр таймер/photoskiff.com/zaruba/logo192.png]
[D:/Таймер Сереги фотоскифа скачанный на комп/Комуникатр таймер/photoskiff.com/zaruba/manifest.json]
[D:/Таймер Сереги фотоскифа скачанный на комп/Комуникатр таймер/photoskiff.com/zaruba/static/js/main.d7ad9838.js]
[D:/Таймер Сереги фотоскифа скачанный на комп/Комуникатр таймер/photoskiff.com/zaruba/fromParam, location.html]
[D:/Таймер Сереги фотоскифа скачанный на комп/Комуникатр таймер/photoskiff.com/zaruba/r.html]
[D:/Таймер Сереги фотоскифа скачанный на комп/Комуникатр таймер/photoskiff.com/zaruba/help-en9ed2.html]
[D:/Таймер Сереги фотоскифа скачанный на комп/Комуникатр таймер/photoskiff.com/zaruba/location.html]
[D:/Таймер Сереги фотоскифа скачанный на комп/Комуникатр таймер/telegram.org/js/telegram-web-app.js]
[D:/Таймер Сереги фотоскифа скачанный на комп/Комуникатр таймер/photoskiff.com/zaruba/static/css/main.e6c13ad2.css]
